// Jest Snapshot v1, https://goo.gl/fbAQLP

exports[`renders correctly 1`] = `
<View
  style={
    Object {
      "alignItems": "center",
      "backgroundColor": "#fff",
      "flex": 1,
      "justifyContent": "center",
    }
  }
>
  <Text
    style={
      Object {
        "fontSize": 20,
        "margin": 10,
        "textAlign": "center",
      }
    }
  >
    Welcome to React Native!
  </Text>
  <Text
    style={
      Object {
        "color": "#333333",
        "marginBottom": 5,
        "textAlign": "center",
      }
    }
  >
    This is a React Native snapshot test.
  </Text>
  <View>
    <Text>
      Testing.....
    </Text>
  </View>
  <TextInput
    onChangeText={[Function]}
    placeholder="Enter user name"
    testID="username"
  />
  <TextInput
    onChangeText={[Function]}
    placeholder="Enter password"
    secureTextEntry={true}
    testID="password"
  />
</View>
`;
